Device: cuda
Loaded 7,486,880 pairs from ../../../Datasets/pretraining/human-astral/test.tsv
Loaded Bromo model
Loaded XGBoost model
Benchmarking at sizes: [100, 496, 2469, 12273, 60997, 303140, 1506510, 7486880]
  Bromo  n=   100  median=0.004s
  XGBoost n=   100  median=0.003s
  Bromo  n=   496  median=0.014s
  XGBoost n=   496  median=0.009s
  Bromo  n= 2,469  median=0.083s
  XGBoost n= 2,469  median=0.035s
  Bromo  n=12,273  median=0.386s
  XGBoost n=12,273  median=0.272s
  Bromo  n=60,997  median=1.582s
  XGBoost n=60,997  median=1.346s
  Bromo  n=303,140  median=7.700s
  XGBoost n=303,140  median=7.183s
  Bromo  n=1,506,510  median=39.502s
  XGBoost n=1,506,510  median=37.606s
  Bromo  n=7,486,880  median=205.000s
  XGBoost n=7,486,880  median=191.198s

Saved results → ./benchmark_results/runtime_results.tsv
Saved plot     → ./benchmark_results/runtime_plot.pdf
Device: cuda
Loaded 7,486,880 pairs from ../../../Datasets/pretraining/human-astral/test.tsv
Loaded Bromo model
Loaded XGBoost model
Benchmarking at sizes: [100, 496, 2469, 12273, 60997, 303140, 1506510, 7486880]
  Bromo  n=   100  median=0.004s
  XGBoost n=   100  median=0.004s
  Bromo  n=   496  median=0.015s
  XGBoost n=   496  median=0.009s
  Bromo  n= 2,469  median=0.082s
  XGBoost n= 2,469  median=0.036s
  Bromo  n=12,273  median=0.395s
  XGBoost n=12,273  median=0.269s
  Bromo  n=60,997  median=1.597s
  XGBoost n=60,997  median=1.363s
  Bromo  n=303,140  median=7.877s
  XGBoost n=303,140  median=7.244s
  Bromo  n=1,506,510  median=39.656s
  XGBoost n=1,506,510  median=39.264s
  Bromo  n=7,486,880  median=219.485s
  XGBoost n=7,486,880  median=198.208s

Saved results → ./benchmark_results/runtime_results.tsv
Saved plot     → ./benchmark_results/runtime_plot.pdf
